// Jest Snapshot v1, https://goo.gl/fbAQLP

exports[`single-attribute-per-line.ts - {"singleAttributePerLine":true} format 1`] = `
====================================options=====================================
parsers: ["typescript"]
printWidth: 80
singleAttributePerLine: true
                                                                                | printWidth
=====================================input======================================
function doX(
  editor, 
  triggerPosition, 
  re
  ) {}

class X {
  constructor(editor, triggerPosition, suggestions){}
}

=====================================output=====================================
function doX(editor, triggerPosition, re) {}

class X {
  constructor(
    editor,
    triggerPosition,
    suggestions
  ) {}
}

================================================================================
`;
