// Jest Snapshot v1, https://goo.gl/fbAQLP

exports[`prettier-ignore-parenthesized-type.ts format 1`] = `
====================================options=====================================
parsers: ["typescript"]
printWidth: 80
                                                                                | printWidth
=====================================input======================================
type Foo =
  // prettier-ignore
  (
    aa
  );

=====================================output=====================================
type Foo =
  // prettier-ignore
  aa;

================================================================================
`;
