// Jest Snapshot v1, https://goo.gl/fbAQLP

exports[`parenthesized-decorators-call-expression.ts format 1`] = `
====================================options=====================================
parsers: ["typescript"]
printWidth: 80
                                                                                | printWidth
=====================================input======================================
@(test().x("global").y())
class X {}

=====================================output=====================================
@test().x("global").y()
class X {}

================================================================================
`;
